[dotenv@17.3.1] injecting env (11) from .env -- tip: ΓÜÖ∩╕Å  suppress all logs with { quiet: true }
Γ£à SUPABASE_SERVICE_ROLE_KEY loaded successfully
[dotenv@17.3.1] injecting env (0) from .env -- tip: ΓÜÖ∩╕Å  override existing env vars with { override: true }

--- Testing for Admin District: all ---
Target District: all | Is Filtered: false
Users found: 33
Successful Payments: 22
Total Collected: 3522
Sample Payment User District: tehri

--- Testing for Admin District: udhamsingh ---
Target District: udhamsingh | Is Filtered: true
Users found: 11
Successful Payments: 2
Total Collected: 5
Sample Payment User District: udhamsingh

--- Testing for Admin District: almora ---
Target District: almora | Is Filtered: true
Users found: 16
Successful Payments: 15
Total Collected: 3509
Sample Payment User District: almora
